mini-singularity
init: started
init: no second tick while one runs
init: no program nobody
tick 1
tock 1
tick 2
tock 2
tick 3
tock 3
init: tick ended with 1, tock with 2
hello: a process in the kernel's address space
hello: run 1, 1000000 cells
init: hello 1 ended with 3
hello: a process in the kernel's address space
hello: run 1, 1000000 cells
init: hello 2 ended with 3
init: the endpoints given are no longer its own
init: an Intro's end is not a Pong's importing end
ping: was sent an endpoint, and pong is ready there
ping: sent 1, got 2 back
ping: sent 2, got 3 back
ping: sent 3, got 4 back
ping: the block is no longer its own
pong: a block of 32 bytes: bytes that changed hands
pong: the channel is closed
init: ping ended with 0, pong with 0
mini-singularity: rogue ended: Pong.Ping is not allowed in state Serve/Ping.
pong: the channel is closed
init: rogue ended with 255, pong with 0
init: of two endpoints, number 1 has a message
pong: the channel is closed
mini-singularity: init ended, status 0.
mini-singularity: no process left.
