mini-oberon
  2284 Oberon10.Scn.Fnt
  2185 Oberon10b.Scn.Fnt
  2167 Oberon10i.Scn.Fnt
  2332 Oberon12.Scn.Fnt
  2327 Oberon12b.Scn.Fnt
  2298 Oberon12i.Scn.Fnt
  2907 Oberon16.Scn.Fnt
  1986 Oberon8.Scn.Fnt
  1990 Oberon8i.Scn.Fnt
   560 System.Tool
mini-oberon: drawn.
mini-oberon: typed hello oberon.
