seed 1: p 30 p l l l l l l l p u p r r r r r r r r r p u u u p s p
  |..........|
  |...IIII...|
  |..........|
  |..........|
  |..........|
  |..........|
  |..........|
  |..........|
  |..........|
  |..........|
  |..........|
  |..........|
  |..........|
  |..........|
  |..........|
  |..........|
  |..........|
  |..........|
  |..........|
  |..........|
  score 0, rows 0, next i
  |..........|
  |..........|
  |...IIII...|
  |..........|
  |..........|
  |..........|
  |..........|
  |..........|
  |..........|
  |..........|
  |..........|
  |..........|
  |..........|
  |..........|
  |..........|
  |..........|
  |..........|
  |..........|
  |..........|
  |..........|
  score 0, rows 0, next i
  |..........|
  |..........|
  |IIII......|
  |..........|
  |..........|
  |..........|
  |..........|
  |..........|
  |..........|
  |..........|
  |..........|
  |..........|
  |..........|
  |..........|
  |..........|
  |..........|
  |..........|
  |..........|
  |..........|
  |..........|
  score 0, rows 0, next i
  |..........|
  |..I.......|
  |..I.......|
  |..I.......|
  |..I.......|
  |..........|
  |..........|
  |..........|
  |..........|
  |..........|
  |..........|
  |..........|
  |..........|
  |..........|
  |..........|
  |..........|
  |..........|
  |..........|
  |..........|
  |..........|
  score 0, rows 0, next i
  |..........|
  |.........I|
  |.........I|
  |.........I|
  |.........I|
  |..........|
  |..........|
  |..........|
  |..........|
  |..........|
  |..........|
  |..........|
  |..........|
  |..........|
  |..........|
  |..........|
  |..........|
  |..........|
  |..........|
  |..........|
  score 0, rows 0, next i
  |..........|
  |..........|
  |......IIII|
  |..........|
  |..........|
  |..........|
  |..........|
  |..........|
  |..........|
  |..........|
  |..........|
  |..........|
  |..........|
  |..........|
  |..........|
  |..........|
  |..........|
  |..........|
  |..........|
  |..........|
  score 0, rows 0, next i
  |..........|
  |...IIII...|
  |..........|
  |..........|
  |..........|
  |..........|
  |..........|
  |..........|
  |..........|
  |..........|
  |..........|
  |..........|
  |..........|
  |..........|
  |..........|
  |..........|
  |..........|
  |..........|
  |..........|
  |......iiii|
  score 4, rows 0, next t
seed 2: s s s s s s s s s s s s p s p l 60 p s p
  |.....L....|
  |...LLL....|
  |....ss....|
  |...ss.....|
  |...iiii...|
  |.....l....|
  |...lll....|
  |...iiii...|
  |...iiii...|
  |....t.....|
  |...ttt....|
  |....ss....|
  |...ss.....|
  |...j......|
  |...jjj....|
  |...zz.....|
  |...jzz....|
  |...jjj....|
  |...iiii...|
  |...iiii...|
  score 48, rows 0, next o
  |....OO....|
  |...lOO....|
  |....ss....|
  |...ss.....|
  |...iiii...|
  |.....l....|
  |...lll....|
  |...iiii...|
  |...iiii...|
  |....t.....|
  |...ttt....|
  |....ss....|
  |...ss.....|
  |...j......|
  |...jjj....|
  |...zz.....|
  |...jzz....|
  |...jjj....|
  |...iiii...|
  |...iiii...|
  score 52, rows 0, next t, over
  |....OO....|
  |...lOO....|
  |....ss....|
  |...ss.....|
  |...iiii...|
  |.....l....|
  |...lll....|
  |...iiii...|
  |...iiii...|
  |....t.....|
  |...ttt....|
  |....ss....|
  |...ss.....|
  |...j......|
  |...jjj....|
  |...zz.....|
  |...jzz....|
  |...jjj....|
  |...iiii...|
  |...iiii...|
  score 52, rows 0, next t, over
  |..........|
  |...IIII...|
  |..........|
  |..........|
  |..........|
  |..........|
  |..........|
  |..........|
  |..........|
  |..........|
  |..........|
  |..........|
  |..........|
  |..........|
  |..........|
  |..........|
  |..........|
  |..........|
  |..........|
  |..........|
  score 0, rows 0, next s
seed 28: l l l s r s r r r r p s p s 45 p
  |........OO|
  |........OO|
  |..........|
  |..........|
  |..........|
  |..........|
  |..........|
  |..........|
  |..........|
  |..........|
  |..........|
  |..........|
  |..........|
  |..........|
  |..........|
  |..........|
  |..........|
  |..........|
  |..........|
  |iiiiiiii..|
  score 8, rows 0, next j
  |...J......|
  |...JJJ....|
  |..........|
  |..........|
  |..........|
  |..........|
  |..........|
  |..........|
  |..........|
  |..........|
  |..........|
  |..........|
  |..........|
  |..........|
  |..........|
  |..........|
  |..........|
  |..........|
  |..........|
  |........oo|
  score 112, rows 1, next i
  |..........|
  |..........|
  |...IIII...|
  |..........|
  |..........|
  |..........|
  |..........|
  |..........|
  |..........|
  |..........|
  |..........|
  |..........|
  |..........|
  |..........|
  |..........|
  |..........|
  |..........|
  |..........|
  |...j......|
  |...jjj..oo|
  score 116, rows 1, next s
