== first: 






















-----  *scratch*  (Fundamental)  L1 C0 -----------------------------------------

exit 0
== typed: 8x40 =hello Enter =world
hello
world




--**-  *scratch*  (Fundamental)  L2 C5 -

exit 0
== file: 6x44 ArrowDown C-e
ab
        c
d

-----  f.txt  (Fundamental)  L2 C9 ---------

exit 0
== prefix: 6x44 C-x
ab



-----  f.txt  (Fundamental)  L1 C0 ---------
C-x-
exit 0
== undefined: 6x44 C-x =z
ab



-----  f.txt  (Fundamental)  L1 C0 ---------
C-x z is undefined
exit 0
== undefined-key: 6x44 C-z
ab



-----  f.txt  (Fundamental)  L1 C0 ---------
C-z is undefined
exit 0
== escape: 6x44 Escape =f Escape
one two three



-----  f.txt  (Fundamental)  L1 C3 ---------
ESC-
exit 0
== words: 6x44 A-f A-f A-f A-b =X
one two, Xthree



--**-  f.txt  (Fundamental)  L1 C10 --------

exit 0
== column: 8x44 C-e C-n C-n C-n =X
a long line

short
another lonXg line


--**-  f.txt  (Fundamental)  L4 C12 --------

exit 0
== column-tab: 6x44 C-f C-f C-f C-n =X
abcdefghij
        Xx


--**-  f.txt  (Fundamental)  L2 C9 ---------

exit 0
== ends: 6x44 C-p A-> C-n
one
two


-----  f.txt  (Fundamental)  L3 C0 ---------
End of buffer
exit 0
== utf8: 6x44 C-f C-f =X C-e C-b Backspace C-a C-d C-d
Xllo wörd



--**-  f.txt  (Fundamental)  L1 C0 ---------

exit 0
== save: 6x44 C-n Enter =1.5 Tab =x C-x C-s
one

1.5     xtwo

-----  f.txt  (Fundamental)  L3 C9 ---------
Wrote f.txt
exit 0
-- f.txt:
one

1.5	xtwo
== delete: 6x44 C-e C-d Delete Backspace C-x C-s
onwo



-----  f.txt  (Fundamental)  L1 C2 ---------
Wrote f.txt
exit 0
-- f.txt:
onwo
== new: 6x44 =text Enter C-x C-s
text



-----  f.txt  (Fundamental)  L2 C0 ---------
Wrote f.txt
exit 0
-- f.txt:
text
== nofile: 6x44 =text C-x C-s
text



--**-  *scratch*  (Fundamental)  L1 C4 -----
No file name
exit 0
-- f.txt:
cat: f.txt: No such file or directory
== scroll: 8x44 C-v C-v
9
10
11
12
13
14
-----  f.txt  (Fundamental)  L9 C0 ---------

exit 0
== scroll-back: 8x44 C-v C-v C-v A-v
9
10
11
12
13
14
-----  f.txt  (Fundamental)  L13 C0 --------

exit 0
== scroll-point: 8x44 C-n C-n C-n C-n C-n C-n C-n
4
5
6
7
8
9
-----  f.txt  (Fundamental)  L8 C0 ---------

exit 0
== scroll-ends: 8x44 A-> PageUp A-< PageUp
1
2
3
4
5
6
-----  f.txt  (Fundamental)  L1 C0 ---------
Beginning of buffer
exit 0
== recenter: 8x44 C-v C-n C-n C-l
4
5
6
7
8
9
-----  f.txt  (Fundamental)  L7 C0 ---------

exit 0
== fold: 8x24 C-e =! C-n
a line that is longer t\
han the frame is folded\
, here twice!
short


--**-  f.txt  (Fundament

exit 0
== fold-scroll: 6x24 A->
d
e


-----  f.txt  (Fundament

exit 0
== control: 6x44 C-e
a^Ab^?c\377d



-----  f.txt  (Fundamental)  L1 C12 --------

exit 0
== unicode: 9x40 C-n C-f C-f =X C-n C-n C-n C-n C-e
ascii
中文X字 wide|
é combining|
😀 emoji|
bad \377 byte|
tab     中      |

--**-  f.txt  (Fundamental)  L6 C17 ----

exit 0
== unicode-fold: 5x12 =é文
é文中文字 w\
ide|

--**-  f.txt

exit 0
== find-file: 6x60 C-x C-f =d Tab
one two three
four five six
seven two nine

-----  f.txt  (Fundamental)  L1 C0 -------------------------
Find file: d/
exit 0
== find-file-names: 6x60 C-x C-f =d Tab Tab
one two three
four five six
seven two nine

-----  f.txt  (Fundamental)  L1 C0 -------------------------
Find file: d/ [a.txt ab.txt sub/]
exit 0
== find-file-found: 6x60 C-x C-f =d Tab =a. Tab Enter
hello



-----  a.txt  (Fundamental)  L1 C0 -------------------------

exit 0
== find-file-none: 6x60 C-x C-f =zz Tab
one two three
four five six
seven two nine

-----  f.txt  (Fundamental)  L1 C0 -------------------------
Find file: zz [No match]
exit 0
== find-file-edited: 6x60 C-x C-f =d/zzz/a.txt A-b A-b A-Backspace Enter
hello



-----  a.txt  (Fundamental)  L1 C0 -------------------------

exit 0
== find-file-directory: 6x60 C-x C-f =d Enter
d             ..
-          6  a.txt
-          2  ab.txt
d             sub/
-----  d/  (Dired)  L1 C0 ----------------------------------

exit 0
== minibuffer-quit: 6x60 C-x C-f C-g
one two three
four five six
seven two nine

-----  f.txt  (Fundamental)  L1 C0 -------------------------
Quit
exit 0
== minibuffer-twice: 6x60 C-x C-f C-x C-f
one two three
four five six
seven two nine

-----  f.txt  (Fundamental)  L1 C0 -------------------------
Find file:  [The minibuffer is in use]
exit 0
== buffer-default: 6x60 C-x C-f =d/a.txt Enter C-x b
hello



-----  a.txt  (Fundamental)  L1 C0 -------------------------
Switch to buffer: (default f.txt)
exit 0
== buffer-back: 6x60 C-n C-x C-f =d/a.txt Enter C-x b Enter =Z
one two three
Zfour five six
seven two nine

--**-  f.txt  (Fundamental)  L2 C1 -------------------------

exit 0
== buffer-name: 6x60 C-x C-f =d/a.txt Enter C-x b Enter C-x b =a Tab Enter
hello



-----  a.txt  (Fundamental)  L1 C0 -------------------------

exit 0
== buffer-new: 6x60 C-x b =notes Enter =text
text



--**-  notes  (Fundamental)  L1 C4 -------------------------

exit 0
== buffer-kill: 6x60 C-x C-f =d/a.txt Enter C-x k Enter
one two three
four five six
seven two nine

-----  f.txt  (Fundamental)  L1 C0 -------------------------

exit 0
== buffer-kill-modified: 6x60 =X C-x k Enter
Xone two three
four five six
seven two nine

--**-  f.txt  (Fundamental)  L1 C1 -------------------------
Buffer f.txt modified; kill anyway? (yes or no)
exit 0
== buffer-kill-yes: 6x60 =X C-x k Enter =yes Enter




-----  *scratch*  (Fundamental)  L1 C0 ---------------------

exit 0
== write-file: 6x60 C-k C-x C-w =d/new.txt Enter

four five six
seven two nine

-----  new.txt  (Fundamental)  L1 C0 -----------------------
Wrote d/new.txt
exit 0
-- d/new.txt:

four five six
seven two nine
== mx: 6x60 A-x =forward_w Tab Enter
one two three
four five six
seven two nine

-----  f.txt  (Fundamental)  L1 C3 -------------------------

exit 0
== mx-names: 6x60 A-x =forward_ Tab
one two three
four five six
seven two nine

-----  f.txt  (Fundamental)  L1 C0 -------------------------
M-x forward_ [forward_line forward_screen forward_word]
exit 0
== mx-none: 6x60 A-x =nosuch Enter
one two three
four five six
seven two nine

-----  f.txt  (Fundamental)  L1 C0 -------------------------
No such command: nosuch
exit 0
== exit-modified: 6x60 =X C-x C-c
Xone two three
four five six
seven two nine

--**-  f.txt  (Fundamental)  L1 C1 -------------------------
Modified buffers exist; exit anyway? (yes or no)
exit 0
== kill-lines: 8x60 C-k C-k C-k C-k C-n C-y C-y
seven two nine
one two three
four five six
one two three
four five six

--**-  f.txt  (Fundamental)  L6 C0 -------------------------

exit 0
== kill-words: 6x60 A-d C-n A-d C-y A-y
 two three
one five six
seven two nine

--**-  f.txt  (Fundamental)  L2 C3 -------------------------

exit 0
== kill-backward: 6x60 A-f A-f A-Backspace A-Backspace C-e C-y
 threeone two
four five six
seven two nine

--**-  f.txt  (Fundamental)  L1 C13 ------------------------

exit 0
== region: 6x60 C-Space C-n C-n A-w C-w C-y C-x C-x =|
|one two three
four five six
seven two nine

--**-  f.txt  (Fundamental)  L1 C1 -------------------------

exit 0
== region-none: 6x60 C-w
one two three
four five six
seven two nine

-----  f.txt  (Fundamental)  L1 C0 -------------------------
No mark set in this buffer
exit 0
== yank-pop-none: 6x60 C-k C-y C-f A-y
one two three
four five six
seven two nine

--**-  f.txt  (Fundamental)  L2 C0 -------------------------
Previous command was not a yank
exit 0
== undo-words: 6x60 =abc Space =def Space =ghi C-_ C-_
abc one two three
four five six
seven two nine

--**-  f.txt  (Fundamental)  L1 C4 -------------------------

exit 0
== undo-all: 6x60 C-k C-k C-x u C-x u C-x u
one two three
four five six
seven two nine

--**-  f.txt  (Fundamental)  L1 C13 ------------------------
No further undo information
exit 0
== search: 6x60 C-s =two
one two three
four five six
seven two nine

-----  f.txt  (Fundamental)  L1 C7 -------------------------
I-search: two
exit 0
== search-next: 6x60 C-s =two C-s
one two three
four five six
seven two nine

-----  f.txt  (Fundamental)  L3 C9 -------------------------
I-search: two
exit 0
== search-failing: 6x60 C-s =two C-s C-s
one two three
four five six
seven two nine

-----  f.txt  (Fundamental)  L3 C9 -------------------------
I-search: two [Failing]
exit 0
== search-done: 6x60 C-s =two C-s Enter =X
one two three
four five six
seven twoX nine

--**-  f.txt  (Fundamental)  L3 C10 ------------------------

exit 0
== search-quit: 6x60 C-s =two C-s C-g =X
Xone two three
four five six
seven two nine

--**-  f.txt  (Fundamental)  L1 C1 -------------------------

exit 0
== search-delete: 6x60 C-s =tx Backspace =h
one two three
four five six
seven two nine

-----  f.txt  (Fundamental)  L1 C10 ------------------------
I-search: th
exit 0
== search-backward: 6x60 A-> C-r =two C-r Enter =X
one Xtwo three
four five six
seven two nine

--**-  f.txt  (Fundamental)  L1 C5 -------------------------

exit 0
== search-again: 6x60 C-s =two Enter C-s C-s C-s Enter =X
one two three
four five six
seven twoX nine

--**-  f.txt  (Fundamental)  L3 C10 ------------------------

exit 0
== search-regexp: 6x60 Escape C-s =t.o|f.ve Enter =X
one twoX three
four five six
seven two nine

--**-  f.txt  (Fundamental)  L1 C8 -------------------------

exit 0
== search-regexp-bad: 6x60 Escape C-s =(
one two three
four five six
seven two nine

-----  f.txt  (Fundamental)  L1 C0 -------------------------
Regexp I-search: ( [Regexp: missing operand for (]
exit 0
== replace-query: 6x60 A-% =two Enter =2 Enter
one two three
four five six
seven two nine

-----  f.txt  (Fundamental)  L1 C7 -------------------------
Replace with 2? (y, n, !, q)
exit 0
== replace-no-yes: 6x60 A-% =two Enter =2 Enter =n =y
one two three
four five six
seven 2 nine

--**-  f.txt  (Fundamental)  L3 C7 -------------------------
Replaced 1 occurrence
exit 0
== replace-rest-undo: 6x60 A-% =e Enter =E Enter =y =! C-_
onE two three
four five six
seven two nine

--**-  f.txt  (Fundamental)  L1 C12 ------------------------

exit 0
== replace-quit: 6x60 A-% =e Enter =E Enter =y =q
onE two three
four five six
seven two nine

--**-  f.txt  (Fundamental)  L1 C12 ------------------------
Replaced 1 occurrence
exit 0
== replace-regexp: 6x60 A-x =replace_r Tab Enter =[aeiou]+ Enter =_ Enter
_n_ tw_ thr_
f_r f_v_ s_x
s_v_n tw_ n_n_

--**-  f.txt  (Fundamental)  L3 C14 ------------------------
Replaced 13 occurrences
exit 0
== replace-string: 6x60 A-x =replace_s Tab Enter =. Enter =! Enter
one two three
four five six
seven two nine

-----  f.txt  (Fundamental)  L1 C0 -------------------------
Replaced 0 occurrences
exit 0
== split: 12x60 C-x 2 C-n =X C-x o =Y
Yone two three
Xfour five six
seven two nine

--**-  f.txt  (Fundamental)  L2 C1 -------------------------
Yone two three
Xfour five six
seven two nine


--**-  f.txt  (Fundamental)  L1 C1 -------------------------

exit 0
== split-three: 12x60 C-x 3 C-x o C-x 2 C-x o C-x C-f =d/a.txt Enter
1                             |1
2                             |2
3                             |3
4                             |4
5                             |-----  f.txt  (Fundamental)
6                             |hello
7                             |
8                             |
9                             |
10                            |
-----  f.txt  (Fundamental)  L|-----  a.txt  (Fundamental)

exit 0
== split-delete: 12x60 C-x 3 C-x o C-x 2 C-x o C-x 0 =Z
Zone two three                |Zone two three
four five six                 |four five six
seven two nine                |seven two nine
                              |
                              |
                              |
                              |
                              |
                              |
                              |
--**-  f.txt  (Fundamental)  L|--**-  f.txt  (Fundamental)

exit 0
== split-one: 12x60 C-x 3 C-x o C-x 2 C-x 1 =Z C-x 0
Zone two three
four five six
seven two nine







--**-  f.txt  (Fundamental)  L1 C1 -------------------------
Attempt to delete the sole window
exit 0
== split-small: 5x60 C-x 2
one two three
four five six
seven two nine
-----  f.txt  (Fundamental)  L1 C0 -------------------------
Window too small to split
exit 0
== split-minibuffer: 12x60 C-x 2 C-x C-f C-x o
one two three
four five six
seven two nine

-----  f.txt  (Fundamental)  L1 C0 -------------------------
one two three
four five six
seven two nine


-----  f.txt  (Fundamental)  L1 C0 -------------------------
Find file:  [Not found]
exit 0
== split-kill: 12x60 C-x 2 C-x o C-x k Enter




-----  *scratch*  (Fundamental)  L1 C0 ---------------------





-----  *scratch*  (Fundamental)  L1 C0 ---------------------

exit 0
== ocaml: 8x64 C-n
(* a comment *)
rrrrrrrrrrrrrrr                                                 
let rec fact (n : int) : int =
mmm mmm BBBB      bbb    bbb                                    
  if n < 2 then 1 else n * fact (n - 1)
  MM     g MMMM g MMMM               g                          
type t = A | B of string
mmmm B   c   c mm bbbbbb                                        
let () = print_endline ("hi" ^ String.make 2 (Char.chr 120))
mmm                     gggg   cccccc      g  cccc     ggg      

-----  a.ml  (OCaml)  L2 C0 ------------------------------------
################################################################

exit 0
== c: 9x64 C-n
#include <u.h>
mmmmmmmm ggggg                                                  
/* a comment */
rrrrrrrrrrrrrrr                                                 
int main(int argc, char **argv) {
bbb      bbb       bbbb                                         
        if (argc > 1) return MAX;
        MM         g  MMMMMM ccc                                
        print("hello %d", 42);
              gggggggggg  gg                                    
}

-----  a.c  (C)  L2 C0 -----------------------------------------
################################################################

exit 0
== scheme: 7x64
; a comment
rrrrrrrrrrr                                                     
(define (fact n)
 mmmmmm  BBBB                                                   
  (if (< n 2) 1 (+ n (fact (- n 1)))))
   MM      g  g                 g                               
(define pi 3.14) "str"
 mmmmmm BB gggg  ggggg                                          

-----  a.scm  (Scheme)  L1 C0 ----------------------------------
################################################################

exit 0
== pascal: 7x64
program Queens; { eight }
mmmmmmm BBBBBB  rrrrrrrrr                                       
var n : integer;
mmm     bbbbbbb                                                 
procedure Try(c : integer);
mmmmmmmmm BBB     bbbbbbb                                       
begin if c > 8 then writeln('done') end;
mmmmm MM     g MMMM         gggggg  mmm                         

-----  a.pas  (Pascal)  L1 C0 ----------------------------------
################################################################

exit 0
== asm: 7x64
TEXT main(SB), $0
mmmm            g                                               
        MOVW $1, R0 // one
        mmmm  g     rrrrrr                                      
loop:
BBBB                                                            
        B loop
        m                                                       

-----  a.s  (Asm)  L1 C0 ---------------------------------------
################################################################

exit 0
== smalltalk: 9x64
Object subclass: #Point
                 cBBBBB                                         
  instanceVariableNames: 'x y'!
                         ggggg                                  
!Point methodsFor: 'a'!
 RRRRRRRRRRRRRRRRRRRRR                                          
x
B                                                               
  "the x"
  rrrrrrr                                                       
  ^x + 1! !
  M    g                                                        

-----  a.st  (Smalltalk)  L1 C0 --------------------------------
################################################################

exit 0
== no-mode: 4x40
let x = (1)

-----  a.txt  (Fundamental)  L1 C0 -----
########################################

exit 0
== paren-after: 4x40 C-e
let f x = (g (h x) [1; 2])
mmm B     #         g  g                

-----  a.ml  (OCaml)  L1 C26 -----------
########################################

exit 0
== paren-at: 4x40 A-f A-f A-f C-f C-f C-f C-f C-f C-f
let f x = (g (h x) [1; 2])
mmm B            #  g  g                

-----  a.ml  (OCaml)  L1 C13 -----------
########################################

exit 0
== paren-none: 4x40 C-e C-b C-b C-b C-b
let f x = (g (h x
mmm B                                   

-----  a.ml  (OCaml)  L1 C13 -----------
########################################

exit 0
== colors-typed: 4x40 =let Space =f Space =x Space == Space ="a Space =(*
let f x = "a (*
mmm B     ggggg                         

--**-  a.ml  (OCaml)  L1 C15 -----------
########################################

exit 0
== colors-fold: 5x30
let s = "a string that is fol\
mmm B   ggggggggggggggggggggg 
ded at the frame's width" (* \
ggggggggggggggggggggggggg rrr 
and a comment *)
rrrrrrrrrrrrrrrr              
-----  a.ml  (OCaml)  L1 C0 --
##############################

exit 0
== colors-unicode: 4x40
(* 中文 é *) let s = "été"
rrrrrrrrrrr# mmm B   ggggg              

-----  a.ml  (OCaml)  L1 C0 ------------
########################################

exit 0
== colors-scrolled: 6x40 C-v C-v C-v
let v7 = "7" (* 7 *)
mmm BB   ggg rrrrrrr                    
let v8 = "8" (* 8 *)
mmm BB   ggg rrrrrrr                    
let v9 = "9" (* 9 *)
mmm BB   ggg rrrrrrr                    
let v10 = "10" (* 10 *)
mmm BBB   gggg rrrrrrrr                 
-----  a.ml  (OCaml)  L7 C0 ------------
########################################

exit 0
== search-shown: 6x40 C-s =two C-s
one two three
four five six
seven two nine
      ###                               

-----  a.txt  (Fundamental)  L3 C9 -----
########################################
I-search: two
exit 0
== replace-shown: 6x40 A-% =five Enter =5 Enter
one two three
four five six
     ####                               
seven two nine

-----  a.txt  (Fundamental)  L2 C9 -----
########################################
Replace with 5? (y, n, !, q)
exit 0
== indent: 6x40 =let Space =f Space == Enter Tab =if Space =x Enter Tab Tab =y C-j =z Enter =w Tab
    y
    z
    w

--**-  a.ml  (OCaml)  L5 C5 ------------

exit 0
== indent-more: 6x40 C-n Tab Tab C-a Tab
let f =
        1


--**-  a.ml  (OCaml)  L2 C8 ------------

exit 0
== tab-in-c: 6x40 Tab C-j =y

        yint x;


--**-  a.c  (C)  L2 C9 -----------------

exit 0
== newline-indented: 6x40 C-e C-j =y C-a C-j =z
          x

z         y

--**-  f.txt  (Fundamental)  L3 C1 -----

exit 0
== dired: 8x60 C-x C-f =d Enter
d             ..
              BB                                            
-          6  a.txt
-          2  ab.txt
d             sub/
              BBBB                                          


-----  d/  (Dired)  L1 C0 ----------------------------------
############################################################

exit 0
== dired-open: 8x60 C-x C-f =d Enter C-n C-n Enter
x





-----  ab.txt  (Fundamental)  L1 C0 ------------------------

exit 0
== dired-keys: 8x60 C-x C-f =d Enter =n =n =n =f =^ =z
d             ..
-          6  a.txt
-          2  ab.txt
d             sub/


-----  d/  (Dired)  L4 C0 ----------------------------------
RET opens, ^ the directory above, g reads again
exit 0
== dired-again: 8x60 C-x C-f =d Enter C-n C-x C-f =new.txt Enter =x C-x C-s C-x b Enter =g
d             ..
-          6  a.txt
-          2  ab.txt
-          1  new.txt
d             sub/

-----  d/  (Dired)  L2 C0 ----------------------------------

exit 0
-- f.txt:
one two three
four five six
seven two nine
== dired-find-file: 8x60 C-x C-f =d Enter C-x C-f =a. Tab Enter
hello





-----  a.txt  (Fundamental)  L1 C0 -------------------------

exit 0
== buffers: 8x60 C-x C-f =d/a.txt Enter =Z C-x C-b
.*      a.txt   7       d/a.txt
        f.txt   43      f.txt




-----  *Buffers*  (Buffer Menu)  L1 C0 ---------------------

exit 0
== buffers-select: 8x60 C-x C-f =d/a.txt Enter =Z C-x C-b =n Enter
one two three
four five six
seven two nine



-----  f.txt  (Fundamental)  L1 C0 -------------------------

exit 0
== case: 6x60 A-u A-l A-c C-n A-c A-c
ONE two Three
four five six
Seven Two nine

--**-  f.txt  (Fundamental)  L3 C9 -------------------------

exit 0
== transpose: 6x60 C-f C-t C-n C-e C-t C-t
noe two three
four five six
seven two nine

--**-  f.txt  (Fundamental)  L2 C13 ------------------------

exit 0
== transpose-unicode: 6x60 C-f C-t
éhllo



--**-  f.txt  (Fundamental)  L1 C2 -------------------------

exit 0
== fill: 8x76 A-q
  The quick brown fox jumps over the lazy dog, and then the dog jumps
  over the quick brown fox, again and again. More.

next


--**-  f.txt  (Fundamental)  L2 C50 ----------------------------------------

exit 0
== fill-undo: 8x40 A-q C-_ C-n C-n A-q
a b
c

d


--**-  f.txt  (Fundamental)  L4 C1 -----

exit 0
== goto-line: 6x60 A-g =g =3 Enter =X A-g A-g =x Enter
one two three
four five six
Xseven two nine

--**-  f.txt  (Fundamental)  L3 C1 -------------------------
Not a line's number: x
exit 0
== macro: 6x60 C-x ( =ab C-n C-x ) C-x e C-x e
abone two three
foabur five six
seveabn two nine

--**-  f.txt  (Fundamental)  L4 C0 -------------------------

exit 0
== macro-none: 6x60 C-x e
one two three
four five six
seven two nine

-----  f.txt  (Fundamental)  L1 C0 -------------------------
No keyboard macro defined
exit 0
== macro-end: 6x60 C-x )
one two three
four five six
seven two nine

-----  f.txt  (Fundamental)  L1 C0 -------------------------
Not defining a keyboard macro
exit 0
== macro-search: 6x60 C-x ( C-s =two Enter =! C-x ) C-x e
one two! three
four five six
seven two! nine

--**-  f.txt  (Fundamental)  L3 C10 ------------------------

exit 0
== pad-colors: 7x64 C-n
(* a comment *)
aaaaaaaaaaaaaaa                                                 
let rec fact (n : int) : int =
ooo ooo yyyy cs c lllc c lll c                                  
  if n < 2 then 1 else n * fact (n - 1)
  oo s c y oooo y oooo s c      cs c yc                         
type t = A | B of string
oooo y c p c p oo llllll                                        

-----  a.ml  (OCaml)  L2 C0 ------------------------------------
################################################################

exit 0
== pad-dired: 12x60 C-x C-f =p Enter
d             ..
              ss                                            
-          2  README.txt
              cccccccccc                                    
-          2  m.c
              yyy                                           
-          2  m.ml
              yyyy                                          
-          2  m.mli
              ooooo                                         
-          2  m.o
              aaa                                           
-          2  mkfile
              pppppp                                        
-          2  notes
d             sub/
              ssss                                          

-----  p/  (Dired)  L1 C0 ----------------------------------
############################################################

exit 0
== pad-keys: 8x60 A-g =30 Enter C-l A-ArrowDown A-ArrowDown A-ArrowUp
28
29
30
31
32
33
-----  f.txt  (Fundamental)  L31 C0 ------------------------

exit 0
== pad-other-buffer: 6x60 C-x C-f =d/a.txt Enter Escape C-l
one two three
four five six
seven two nine

-----  f.txt  (Fundamental)  L1 C0 -------------------------

exit 0
== pad-yes: 6x60 =X C-x k Enter
Xone two three
four five six
seven two nine

--**-  f.txt  (Fundamental)  L1 C1 -------------------------
Buffer f.txt modified; kill anyway? (y or n)
exit 0
== pad-y: 6x60 =X C-x k Enter =y




-----  *scratch*  (Fundamental)  L1 C0 ---------------------

exit 0
== small: 3x12 C-n C-n
three
-----  f.txt

exit 0
== tiny: 1x5 =x

exit 0
== nokey: F99
F99: no key of that name
exit 1
